Archive member included because of file (symbol)

c:/winavr-20100110/bin/../lib/gcc/avr/4.3.3/avr5\libgcc.a(_exit.o)
                              c:/winavr-20100110/bin/../lib/gcc/avr/4.3.3/../../../../avr/lib/avr5/crtm32.o (exit)
c:/winavr-20100110/bin/../lib/gcc/avr/4.3.3/avr5\libgcc.a(_copy_data.o)
                              ./DIO_prog.o (__do_copy_data)
c:/winavr-20100110/bin/../lib/gcc/avr/4.3.3/avr5\libgcc.a(_clear_bss.o)
                              ./EXINT_Prog.o (__do_clear_bss)

Memory Configuration

Name             Origin             Length             Attributes
text             0x00000000         0x00020000         xr
data             0x00800060         0x0000ffa0         rw !x
eeprom           0x00810000         0x00010000         rw !x
fuse             0x00820000         0x00000400         rw !x
lock             0x00830000         0x00000400         rw !x
signature        0x00840000         0x00000400         rw !x
*default*        0x00000000         0xffffffff

Linker script and memory map

LOAD c:/winavr-20100110/bin/../lib/gcc/avr/4.3.3/../../../../avr/lib/avr5/crtm32.o
LOAD ./DIO_prog.o
LOAD ./EXINT_Prog.o
LOAD ./KP_prog.o
LOAD ./main.o
LOAD c:/winavr-20100110/bin/../lib/gcc/avr/4.3.3/avr5\libgcc.a
LOAD c:/winavr-20100110/bin/../lib/gcc/avr/4.3.3/../../../../avr/lib/avr5\libc.a
LOAD c:/winavr-20100110/bin/../lib/gcc/avr/4.3.3/avr5\libgcc.a

.hash
 *(.hash)

.dynsym
 *(.dynsym)

.dynstr
 *(.dynstr)

.gnu.version
 *(.gnu.version)

.gnu.version_d
 *(.gnu.version_d)

.gnu.version_r
 *(.gnu.version_r)

.rel.init
 *(.rel.init)

.rela.init
 *(.rela.init)

.rel.text
 *(.rel.text)
 *(.rel.text.*)
 *(.rel.gnu.linkonce.t*)

.rela.text
 *(.rela.text)
 *(.rela.text.*)
 *(.rela.gnu.linkonce.t*)

.rel.fini
 *(.rel.fini)

.rela.fini
 *(.rela.fini)

.rel.rodata
 *(.rel.rodata)
 *(.rel.rodata.*)
 *(.rel.gnu.linkonce.r*)

.rela.rodata
 *(.rela.rodata)
 *(.rela.rodata.*)
 *(.rela.gnu.linkonce.r*)

.rel.data
 *(.rel.data)
 *(.rel.data.*)
 *(.rel.gnu.linkonce.d*)

.rela.data
 *(.rela.data)
 *(.rela.data.*)
 *(.rela.gnu.linkonce.d*)

.rel.ctors
 *(.rel.ctors)

.rela.ctors
 *(.rela.ctors)

.rel.dtors
 *(.rel.dtors)

.rela.dtors
 *(.rela.dtors)

.rel.got
 *(.rel.got)

.rela.got
 *(.rela.got)

.rel.bss
 *(.rel.bss)

.rela.bss
 *(.rela.bss)

.rel.plt
 *(.rel.plt)

.rela.plt
 *(.rela.plt)

.text           0x00000000      0xe7a
 *(.vectors)
 .vectors       0x00000000       0x54 c:/winavr-20100110/bin/../lib/gcc/avr/4.3.3/../../../../avr/lib/avr5/crtm32.o
                0x00000000                __vectors
                0x00000000                __vector_default
 *(.vectors)
 *(.progmem.gcc*)
 *(.progmem*)
                0x00000054                . = ALIGN (0x2)
                0x00000054                __trampolines_start = .
 *(.trampolines)
 .trampolines   0x00000054        0x0 linker stubs
 *(.trampolines*)
                0x00000054                __trampolines_end = .
 *(.jumptables)
 *(.jumptables*)
 *(.lowtext)
 *(.lowtext*)
                0x00000054                __ctors_start = .
 *(.ctors)
                0x00000054                __ctors_end = .
                0x00000054                __dtors_start = .
 *(.dtors)
                0x00000054                __dtors_end = .
 SORT(*)(.ctors)
 SORT(*)(.dtors)
 *(.init0)
 .init0         0x00000054        0x0 c:/winavr-20100110/bin/../lib/gcc/avr/4.3.3/../../../../avr/lib/avr5/crtm32.o
                0x00000054                __init
 *(.init0)
 *(.init1)
 *(.init1)
 *(.init2)
 .init2         0x00000054        0xc c:/winavr-20100110/bin/../lib/gcc/avr/4.3.3/../../../../avr/lib/avr5/crtm32.o
 *(.init2)
 *(.init3)
 *(.init3)
 *(.init4)
 .init4         0x00000060       0x16 c:/winavr-20100110/bin/../lib/gcc/avr/4.3.3/avr5\libgcc.a(_copy_data.o)
                0x00000060                __do_copy_data
 .init4         0x00000076       0x10 c:/winavr-20100110/bin/../lib/gcc/avr/4.3.3/avr5\libgcc.a(_clear_bss.o)
                0x00000076                __do_clear_bss
 *(.init4)
 *(.init5)
 *(.init5)
 *(.init6)
 *(.init6)
 *(.init7)
 *(.init7)
 *(.init8)
 *(.init8)
 *(.init9)
 .init9         0x00000086        0x8 c:/winavr-20100110/bin/../lib/gcc/avr/4.3.3/../../../../avr/lib/avr5/crtm32.o
 *(.init9)
 *(.text)
 .text          0x0000008e        0x4 c:/winavr-20100110/bin/../lib/gcc/avr/4.3.3/../../../../avr/lib/avr5/crtm32.o
                0x0000008e                __vector_12
                0x0000008e                __bad_interrupt
                0x0000008e                __vector_6
                0x0000008e                __vector_11
                0x0000008e                __vector_13
                0x0000008e                __vector_17
                0x0000008e                __vector_19
                0x0000008e                __vector_7
                0x0000008e                __vector_5
                0x0000008e                __vector_4
                0x0000008e                __vector_9
                0x0000008e                __vector_15
                0x0000008e                __vector_8
                0x0000008e                __vector_14
                0x0000008e                __vector_10
                0x0000008e                __vector_16
                0x0000008e                __vector_18
                0x0000008e                __vector_20
 .text          0x00000092        0x0 ./DIO_prog.o
 .text          0x00000092        0x0 ./EXINT_Prog.o
 .text          0x00000092        0x0 ./KP_prog.o
 .text          0x00000092        0x0 ./main.o
 .text          0x00000092        0x0 c:/winavr-20100110/bin/../lib/gcc/avr/4.3.3/avr5\libgcc.a(_exit.o)
 .text          0x00000092        0x0 c:/winavr-20100110/bin/../lib/gcc/avr/4.3.3/avr5\libgcc.a(_copy_data.o)
 .text          0x00000092        0x0 c:/winavr-20100110/bin/../lib/gcc/avr/4.3.3/avr5\libgcc.a(_clear_bss.o)
                0x00000092                . = ALIGN (0x2)
 *(.text.*)
 .text.DIO_voidInit
                0x00000092       0x86 ./DIO_prog.o
                0x00000092                DIO_voidInit
 .text.DIO_u8ReadPortDir
                0x00000118       0x4e ./DIO_prog.o
                0x00000118                DIO_u8ReadPortDir
 .text.DIO_u8ReadPinDir
                0x00000166       0x7a ./DIO_prog.o
                0x00000166                DIO_u8ReadPinDir
 .text.DIO_u8WritePortDir
                0x000001e0       0x46 ./DIO_prog.o
                0x000001e0                DIO_u8WritePortDir
 .text.DIO_u8WritePinDir
                0x00000226      0x110 ./DIO_prog.o
                0x00000226                DIO_u8WritePinDir
 .text.DIO_u8WritePortVal
                0x00000336       0x46 ./DIO_prog.o
                0x00000336                DIO_u8WritePortVal
 .text.DIO_u8ReadPortVal
                0x0000037c       0x4e ./DIO_prog.o
                0x0000037c                DIO_u8ReadPortVal
 .text.DIO_u8WritePinVal
                0x000003ca      0x110 ./DIO_prog.o
                0x000003ca                DIO_u8WritePinVal
 .text.DIO_u8ReadPinVal
                0x000004da       0x72 ./DIO_prog.o
                0x000004da                DIO_u8ReadPinVal
 .text.callback_INT0_Assign
                0x0000054c       0x24 ./EXINT_Prog.o
                0x0000054c                callback_INT0_Assign
 .text.callback_INT1_Assign
                0x00000570       0x24 ./EXINT_Prog.o
                0x00000570                callback_INT1_Assign
 .text.callback_INT2_Assign
                0x00000594       0x24 ./EXINT_Prog.o
                0x00000594                callback_INT2_Assign
 .text.EXINT_init
                0x000005b8       0x72 ./EXINT_Prog.o
                0x000005b8                EXINT_init
 .text.EXINT_Read_Int_Status
                0x0000062a       0x62 ./EXINT_Prog.o
                0x0000062a                EXINT_Read_Int_Status
 .text.EXINT_Enable_Int_Peripheral
                0x0000068c       0x58 ./EXINT_Prog.o
                0x0000068c                EXINT_Enable_Int_Peripheral
 .text.EXINT_Disable_Int_Peripheral
                0x000006e4       0x5a ./EXINT_Prog.o
                0x000006e4                EXINT_Disable_Int_Peripheral
 .text.__vector_1
                0x0000073e       0x5a ./EXINT_Prog.o
                0x0000073e                __vector_1
 .text.__vector_2
                0x00000798       0x5a ./EXINT_Prog.o
                0x00000798                __vector_2
 .text.__vector_3
                0x000007f2       0x5a ./EXINT_Prog.o
                0x000007f2                __vector_3
 .text.KP_Init  0x0000084c       0x4e ./KP_prog.o
                0x0000084c                KP_Init
 .text.KP_Read  0x0000089a       0x94 ./KP_prog.o
                0x0000089a                KP_Read
 .text.KP_ReadSW
                0x0000092e       0x54 ./KP_prog.o
                0x0000092e                KP_ReadSW
 .text.KP_u8CheckSW
                0x00000982      0x32a ./KP_prog.o
                0x00000982                KP_u8CheckSW
 .text.shit0    0x00000cac       0x7a ./main.o
                0x00000cac                shit0
 .text.shit1    0x00000d26       0x7a ./main.o
                0x00000d26                shit1
 .text.main     0x00000da0       0xd6 ./main.o
                0x00000da0                main
 .text.libgcc   0x00000e76        0x0 c:/winavr-20100110/bin/../lib/gcc/avr/4.3.3/avr5\libgcc.a(_exit.o)
 .text.libgcc   0x00000e76        0x0 c:/winavr-20100110/bin/../lib/gcc/avr/4.3.3/avr5\libgcc.a(_copy_data.o)
 .text.libgcc   0x00000e76        0x0 c:/winavr-20100110/bin/../lib/gcc/avr/4.3.3/avr5\libgcc.a(_clear_bss.o)
                0x00000e76                . = ALIGN (0x2)
 *(.fini9)
 .fini9         0x00000e76        0x0 c:/winavr-20100110/bin/../lib/gcc/avr/4.3.3/avr5\libgcc.a(_exit.o)
                0x00000e76                exit
                0x00000e76                _exit
 *(.fini9)
 *(.fini8)
 *(.fini8)
 *(.fini7)
 *(.fini7)
 *(.fini6)
 *(.fini6)
 *(.fini5)
 *(.fini5)
 *(.fini4)
 *(.fini4)
 *(.fini3)
 *(.fini3)
 *(.fini2)
 *(.fini2)
 *(.fini1)
 *(.fini1)
 *(.fini0)
 .fini0         0x00000e76        0x4 c:/winavr-20100110/bin/../lib/gcc/avr/4.3.3/avr5\libgcc.a(_exit.o)
 *(.fini0)
                0x00000e7a                _etext = .

.data           0x00800060       0x36 load address 0x00000e7a
                0x00800060                PROVIDE (__data_start, .)
 *(.data)
 .data          0x00800060        0x0 c:/winavr-20100110/bin/../lib/gcc/avr/4.3.3/../../../../avr/lib/avr5/crtm32.o
 .data          0x00800060        0x0 ./DIO_prog.o
 .data          0x00800060        0x0 ./EXINT_Prog.o
 .data          0x00800060        0x0 ./KP_prog.o
 .data          0x00800060        0x0 ./main.o
 .data          0x00800060        0x0 c:/winavr-20100110/bin/../lib/gcc/avr/4.3.3/avr5\libgcc.a(_exit.o)
 .data          0x00800060        0x0 c:/winavr-20100110/bin/../lib/gcc/avr/4.3.3/avr5\libgcc.a(_copy_data.o)
 .data          0x00800060        0x0 c:/winavr-20100110/bin/../lib/gcc/avr/4.3.3/avr5\libgcc.a(_clear_bss.o)
 *(.data*)
 .data.EXINT_u8FlagPins
                0x00800060        0x3 ./EXINT_Prog.o
 .data.EXINT_u8EnablePins
                0x00800063        0x3 ./EXINT_Prog.o
 .data.KP_SwitchPins
                0x00800066       0x10 ./KP_prog.o
 *(.rodata)
 *(.rodata*)
 .rodata.DIO_u8ports
                0x00800076        0x8 ./DIO_prog.o
                0x00800076                DIO_u8ports
 .rodata.DIO_u8dirs
                0x0080007e        0x8 ./DIO_prog.o
                0x0080007e                DIO_u8dirs
 .rodata.DIO_u8pins
                0x00800086        0x8 ./DIO_prog.o
                0x00800086                DIO_u8pins
 .rodata.KP_Pins_Input
                0x0080008e        0x4 ./KP_prog.o
                0x0080008e                KP_Pins_Input
 .rodata.KP_Pins_Output
                0x00800092        0x4 ./KP_prog.o
                0x00800092                KP_Pins_Output
 *(.gnu.linkonce.d*)
                0x00800096                . = ALIGN (0x2)
                0x00800096                _edata = .
                0x00800096                PROVIDE (__data_end, .)

.bss            0x00800096       0x8c
                0x00800096                PROVIDE (__bss_start, .)
 *(.bss)
 .bss           0x00800096        0x0 c:/winavr-20100110/bin/../lib/gcc/avr/4.3.3/../../../../avr/lib/avr5/crtm32.o
 .bss           0x00800096        0x0 ./DIO_prog.o
 .bss           0x00800096        0x0 ./EXINT_Prog.o
 .bss           0x00800096        0x0 ./KP_prog.o
 .bss           0x00800096        0x0 ./main.o
 .bss           0x00800096        0x0 c:/winavr-20100110/bin/../lib/gcc/avr/4.3.3/avr5\libgcc.a(_exit.o)
 .bss           0x00800096        0x0 c:/winavr-20100110/bin/../lib/gcc/avr/4.3.3/avr5\libgcc.a(_copy_data.o)
 .bss           0x00800096        0x0 c:/winavr-20100110/bin/../lib/gcc/avr/4.3.3/avr5\libgcc.a(_clear_bss.o)
 *(.bss*)
 .bss.Ptr_To_EXTI0
                0x00800096        0x2 ./EXINT_Prog.o
 .bss.Ptr_To_EXTI1
                0x00800098        0x2 ./EXINT_Prog.o
 .bss.Ptr_To_EXTI2
                0x0080009a        0x2 ./EXINT_Prog.o
 .bss.KP_u8SwitchParams
                0x0080009c       0x80 ./KP_prog.o
 .bss.ExternalState.1271
                0x0080011c        0x2 ./KP_prog.o
 .bss.KP_Switches
                0x0080011e        0x2 ./KP_prog.o
 .bss.count.1245
                0x00800120        0x1 ./main.o
 .bss.count.1258
                0x00800121        0x1 ./main.o
 *(COMMON)
                0x00800122                PROVIDE (__bss_end, .)
                0x00000e7a                __data_load_start = LOADADDR (.data)
                0x00000eb0                __data_load_end = (__data_load_start + SIZEOF (.data))

.noinit         0x00800122        0x0
                0x00800122                PROVIDE (__noinit_start, .)
 *(.noinit*)
                0x00800122                PROVIDE (__noinit_end, .)
                0x00800122                _end = .
                0x00800122                PROVIDE (__heap_start, .)

.eeprom         0x00810000        0x0
 *(.eeprom*)
                0x00810000                __eeprom_end = .

.fuse
 *(.fuse)
 *(.lfuse)
 *(.hfuse)
 *(.efuse)

.lock
 *(.lock*)

.signature
 *(.signature*)

.stab           0x00000000     0x1488
 *(.stab)
 .stab          0x00000000      0x774 ./DIO_prog.o
 .stab          0x00000774      0x4a4 ./EXINT_Prog.o
                                0x534 (size before relaxing)
 .stab          0x00000c18      0x51c ./KP_prog.o
                                0x5ac (size before relaxing)
 .stab          0x00001134      0x354 ./main.o
                                0x3e4 (size before relaxing)

.stabstr        0x00000000      0x9d1
 *(.stabstr)
 .stabstr       0x00000000      0x9d1 ./DIO_prog.o

.stab.excl
 *(.stab.excl)

.stab.exclstr
 *(.stab.exclstr)

.stab.index
 *(.stab.index)

.stab.indexstr
 *(.stab.indexstr)

.comment
 *(.comment)

.debug
 *(.debug)

.line
 *(.line)

.debug_srcinfo
 *(.debug_srcinfo)

.debug_sfnames
 *(.debug_sfnames)

.debug_aranges
 *(.debug_aranges)

.debug_pubnames
 *(.debug_pubnames)

.debug_info
 *(.debug_info)
 *(.gnu.linkonce.wi.*)

.debug_abbrev
 *(.debug_abbrev)

.debug_line
 *(.debug_line)

.debug_frame
 *(.debug_frame)

.debug_str
 *(.debug_str)

.debug_loc
 *(.debug_loc)

.debug_macinfo
 *(.debug_macinfo)
OUTPUT(EXT_INT.elf elf32-avr)
LOAD linker stubs
