Archive member included because of file (symbol)

c:/winavr-20100110/bin/../lib/gcc/avr/4.3.3/avr5\libgcc.a(_exit.o)
                              c:/winavr-20100110/bin/../lib/gcc/avr/4.3.3/../../../../avr/lib/avr5/crtm32.o (exit)
c:/winavr-20100110/bin/../lib/gcc/avr/4.3.3/avr5\libgcc.a(_copy_data.o)
                              ./DIO_prog.o (__do_copy_data)
c:/winavr-20100110/bin/../lib/gcc/avr/4.3.3/avr5\libgcc.a(_clear_bss.o)
                              ./USART_Prog.o (__do_clear_bss)

Memory Configuration

Name             Origin             Length             Attributes
text             0x00000000         0x00020000         xr
data             0x00800060         0x0000ffa0         rw !x
eeprom           0x00810000         0x00010000         rw !x
fuse             0x00820000         0x00000400         rw !x
lock             0x00830000         0x00000400         rw !x
signature        0x00840000         0x00000400         rw !x
*default*        0x00000000         0xffffffff

Linker script and memory map

LOAD c:/winavr-20100110/bin/../lib/gcc/avr/4.3.3/../../../../avr/lib/avr5/crtm32.o
LOAD ./DIO_prog.o
LOAD ./USART_Prog.o
LOAD ./USART_test_main.o
LOAD c:/winavr-20100110/bin/../lib/gcc/avr/4.3.3/avr5\libgcc.a
LOAD c:/winavr-20100110/bin/../lib/gcc/avr/4.3.3/../../../../avr/lib/avr5\libc.a
LOAD c:/winavr-20100110/bin/../lib/gcc/avr/4.3.3/avr5\libgcc.a

.hash
 *(.hash)

.dynsym
 *(.dynsym)

.dynstr
 *(.dynstr)

.gnu.version
 *(.gnu.version)

.gnu.version_d
 *(.gnu.version_d)

.gnu.version_r
 *(.gnu.version_r)

.rel.init
 *(.rel.init)

.rela.init
 *(.rela.init)

.rel.text
 *(.rel.text)
 *(.rel.text.*)
 *(.rel.gnu.linkonce.t*)

.rela.text
 *(.rela.text)
 *(.rela.text.*)
 *(.rela.gnu.linkonce.t*)

.rel.fini
 *(.rel.fini)

.rela.fini
 *(.rela.fini)

.rel.rodata
 *(.rel.rodata)
 *(.rel.rodata.*)
 *(.rel.gnu.linkonce.r*)

.rela.rodata
 *(.rela.rodata)
 *(.rela.rodata.*)
 *(.rela.gnu.linkonce.r*)

.rel.data
 *(.rel.data)
 *(.rel.data.*)
 *(.rel.gnu.linkonce.d*)

.rela.data
 *(.rela.data)
 *(.rela.data.*)
 *(.rela.gnu.linkonce.d*)

.rel.ctors
 *(.rel.ctors)

.rela.ctors
 *(.rela.ctors)

.rel.dtors
 *(.rel.dtors)

.rela.dtors
 *(.rela.dtors)

.rel.got
 *(.rel.got)

.rela.got
 *(.rela.got)

.rel.bss
 *(.rel.bss)

.rela.bss
 *(.rela.bss)

.rel.plt
 *(.rel.plt)

.rela.plt
 *(.rela.plt)

.text           0x00000000      0x93e
 *(.vectors)
 .vectors       0x00000000       0x54 c:/winavr-20100110/bin/../lib/gcc/avr/4.3.3/../../../../avr/lib/avr5/crtm32.o
                0x00000000                __vectors
                0x00000000                __vector_default
 *(.vectors)
 *(.progmem.gcc*)
 *(.progmem*)
                0x00000054                . = ALIGN (0x2)
                0x00000054                __trampolines_start = .
 *(.trampolines)
 .trampolines   0x00000054        0x0 linker stubs
 *(.trampolines*)
                0x00000054                __trampolines_end = .
 *(.jumptables)
 *(.jumptables*)
 *(.lowtext)
 *(.lowtext*)
                0x00000054                __ctors_start = .
 *(.ctors)
                0x00000054                __ctors_end = .
                0x00000054                __dtors_start = .
 *(.dtors)
                0x00000054                __dtors_end = .
 SORT(*)(.ctors)
 SORT(*)(.dtors)
 *(.init0)
 .init0         0x00000054        0x0 c:/winavr-20100110/bin/../lib/gcc/avr/4.3.3/../../../../avr/lib/avr5/crtm32.o
                0x00000054                __init
 *(.init0)
 *(.init1)
 *(.init1)
 *(.init2)
 .init2         0x00000054        0xc c:/winavr-20100110/bin/../lib/gcc/avr/4.3.3/../../../../avr/lib/avr5/crtm32.o
 *(.init2)
 *(.init3)
 *(.init3)
 *(.init4)
 .init4         0x00000060       0x16 c:/winavr-20100110/bin/../lib/gcc/avr/4.3.3/avr5\libgcc.a(_copy_data.o)
                0x00000060                __do_copy_data
 .init4         0x00000076       0x10 c:/winavr-20100110/bin/../lib/gcc/avr/4.3.3/avr5\libgcc.a(_clear_bss.o)
                0x00000076                __do_clear_bss
 *(.init4)
 *(.init5)
 *(.init5)
 *(.init6)
 *(.init6)
 *(.init7)
 *(.init7)
 *(.init8)
 *(.init8)
 *(.init9)
 .init9         0x00000086        0x8 c:/winavr-20100110/bin/../lib/gcc/avr/4.3.3/../../../../avr/lib/avr5/crtm32.o
 *(.init9)
 *(.text)
 .text          0x0000008e        0x4 c:/winavr-20100110/bin/../lib/gcc/avr/4.3.3/../../../../avr/lib/avr5/crtm32.o
                0x0000008e                __vector_1
                0x0000008e                __vector_12
                0x0000008e                __bad_interrupt
                0x0000008e                __vector_6
                0x0000008e                __vector_3
                0x0000008e                __vector_11
                0x0000008e                __vector_17
                0x0000008e                __vector_19
                0x0000008e                __vector_7
                0x0000008e                __vector_5
                0x0000008e                __vector_4
                0x0000008e                __vector_9
                0x0000008e                __vector_2
                0x0000008e                __vector_8
                0x0000008e                __vector_14
                0x0000008e                __vector_10
                0x0000008e                __vector_16
                0x0000008e                __vector_18
                0x0000008e                __vector_20
 .text          0x00000092        0x0 ./DIO_prog.o
 .text          0x00000092        0x0 ./USART_Prog.o
 .text          0x00000092        0x0 ./USART_test_main.o
 .text          0x00000092        0x0 c:/winavr-20100110/bin/../lib/gcc/avr/4.3.3/avr5\libgcc.a(_exit.o)
 .text          0x00000092        0x0 c:/winavr-20100110/bin/../lib/gcc/avr/4.3.3/avr5\libgcc.a(_copy_data.o)
 .text          0x00000092        0x0 c:/winavr-20100110/bin/../lib/gcc/avr/4.3.3/avr5\libgcc.a(_clear_bss.o)
                0x00000092                . = ALIGN (0x2)
 *(.text.*)
 .text.DIO_voidInit
                0x00000092       0x8a ./DIO_prog.o
                0x00000092                DIO_voidInit
 .text.DIO_u8ReadPortDir
                0x0000011c       0x4e ./DIO_prog.o
                0x0000011c                DIO_u8ReadPortDir
 .text.DIO_u8ReadPinDir
                0x0000016a       0x7a ./DIO_prog.o
                0x0000016a                DIO_u8ReadPinDir
 .text.DIO_u8WritePortDir
                0x000001e4       0x46 ./DIO_prog.o
                0x000001e4                DIO_u8WritePortDir
 .text.DIO_u8WritePinDir
                0x0000022a      0x110 ./DIO_prog.o
                0x0000022a                DIO_u8WritePinDir
 .text.DIO_u8WritePortVal
                0x0000033a       0x46 ./DIO_prog.o
                0x0000033a                DIO_u8WritePortVal
 .text.DIO_u8ReadPortVal
                0x00000380       0x4e ./DIO_prog.o
                0x00000380                DIO_u8ReadPortVal
 .text.DIO_u8WritePinVal
                0x000003ce      0x110 ./DIO_prog.o
                0x000003ce                DIO_u8WritePinVal
 .text.DIO_u8ReadPinVal
                0x000004de       0x72 ./DIO_prog.o
                0x000004de                DIO_u8ReadPinVal
 .text.USART_Init
                0x00000550       0xa4 ./USART_Prog.o
                0x00000550                USART_Init
 .text.USART_Transmit
                0x000005f4       0x4a ./USART_Prog.o
                0x000005f4                USART_Transmit
 .text.USART_Receive
                0x0000063e       0x86 ./USART_Prog.o
                0x0000063e                USART_Receive
 .text.USART_Rec_Int_Enable
                0x000006c4       0x1c ./USART_Prog.o
                0x000006c4                USART_Rec_Int_Enable
 .text.USART_Rec_Int_Disable
                0x000006e0       0x1c ./USART_Prog.o
                0x000006e0                USART_Rec_Int_Disable
 .text.USART_Trans_Int_Enable
                0x000006fc       0x1c ./USART_Prog.o
                0x000006fc                USART_Trans_Int_Enable
 .text.USART_Trans_Int_Disable
                0x00000718       0x1c ./USART_Prog.o
                0x00000718                USART_Trans_Int_Disable
 .text.USART_Rec_Enable
                0x00000734       0x1c ./USART_Prog.o
                0x00000734                USART_Rec_Enable
 .text.USART_Rec_Disable
                0x00000750       0x1c ./USART_Prog.o
                0x00000750                USART_Rec_Disable
 .text.USART_Trans_Enable
                0x0000076c       0x1c ./USART_Prog.o
                0x0000076c                USART_Trans_Enable
 .text.USART_Trans_Disable
                0x00000788       0x1c ./USART_Prog.o
                0x00000788                USART_Trans_Disable
 .text.USART_callback_Rec_Int
                0x000007a4       0x24 ./USART_Prog.o
                0x000007a4                USART_callback_Rec_Int
 .text.USART_callback_Trans_Int
                0x000007c8       0x24 ./USART_Prog.o
                0x000007c8                USART_callback_Trans_Int
 .text.__vector_13
                0x000007ec       0x5a ./USART_Prog.o
                0x000007ec                __vector_13
 .text.__vector_15
                0x00000846       0x5a ./USART_Prog.o
                0x00000846                __vector_15
 .text.transTest
                0x000008a0       0x32 ./USART_test_main.o
                0x000008a0                transTest
 .text.main     0x000008d2       0x68 ./USART_test_main.o
                0x000008d2                main
 .text.libgcc   0x0000093a        0x0 c:/winavr-20100110/bin/../lib/gcc/avr/4.3.3/avr5\libgcc.a(_exit.o)
 .text.libgcc   0x0000093a        0x0 c:/winavr-20100110/bin/../lib/gcc/avr/4.3.3/avr5\libgcc.a(_copy_data.o)
 .text.libgcc   0x0000093a        0x0 c:/winavr-20100110/bin/../lib/gcc/avr/4.3.3/avr5\libgcc.a(_clear_bss.o)
                0x0000093a                . = ALIGN (0x2)
 *(.fini9)
 .fini9         0x0000093a        0x0 c:/winavr-20100110/bin/../lib/gcc/avr/4.3.3/avr5\libgcc.a(_exit.o)
                0x0000093a                exit
                0x0000093a                _exit
 *(.fini9)
 *(.fini8)
 *(.fini8)
 *(.fini7)
 *(.fini7)
 *(.fini6)
 *(.fini6)
 *(.fini5)
 *(.fini5)
 *(.fini4)
 *(.fini4)
 *(.fini3)
 *(.fini3)
 *(.fini2)
 *(.fini2)
 *(.fini1)
 *(.fini1)
 *(.fini0)
 .fini0         0x0000093a        0x4 c:/winavr-20100110/bin/../lib/gcc/avr/4.3.3/avr5\libgcc.a(_exit.o)
 *(.fini0)
                0x0000093e                _etext = .

.data           0x00800060       0x1a load address 0x0000093e
                0x00800060                PROVIDE (__data_start, .)
 *(.data)
 .data          0x00800060        0x0 c:/winavr-20100110/bin/../lib/gcc/avr/4.3.3/../../../../avr/lib/avr5/crtm32.o
 .data          0x00800060        0x0 ./DIO_prog.o
 .data          0x00800060        0x0 ./USART_Prog.o
 .data          0x00800060        0x0 ./USART_test_main.o
 .data          0x00800060        0x0 c:/winavr-20100110/bin/../lib/gcc/avr/4.3.3/avr5\libgcc.a(_exit.o)
 .data          0x00800060        0x0 c:/winavr-20100110/bin/../lib/gcc/avr/4.3.3/avr5\libgcc.a(_copy_data.o)
 .data          0x00800060        0x0 c:/winavr-20100110/bin/../lib/gcc/avr/4.3.3/avr5\libgcc.a(_clear_bss.o)
 *(.data*)
 .data.toggle.1245
                0x00800060        0x1 ./USART_test_main.o
 *(.rodata)
 *(.rodata*)
 .rodata.DIO_u8ports
                0x00800061        0x8 ./DIO_prog.o
                0x00800061                DIO_u8ports
 .rodata.DIO_u8dirs
                0x00800069        0x8 ./DIO_prog.o
                0x00800069                DIO_u8dirs
 .rodata.DIO_u8pins
                0x00800071        0x8 ./DIO_prog.o
                0x00800071                DIO_u8pins
 *(.gnu.linkonce.d*)
                0x0080007a                . = ALIGN (0x2)
 *fill*         0x00800079        0x1 00
                0x0080007a                _edata = .
                0x0080007a                PROVIDE (__data_end, .)

.bss            0x0080007a        0x4
                0x0080007a                PROVIDE (__bss_start, .)
 *(.bss)
 .bss           0x0080007a        0x0 c:/winavr-20100110/bin/../lib/gcc/avr/4.3.3/../../../../avr/lib/avr5/crtm32.o
 .bss           0x0080007a        0x0 ./DIO_prog.o
 .bss           0x0080007a        0x0 ./USART_Prog.o
 .bss           0x0080007a        0x0 ./USART_test_main.o
 .bss           0x0080007a        0x0 c:/winavr-20100110/bin/../lib/gcc/avr/4.3.3/avr5\libgcc.a(_exit.o)
 .bss           0x0080007a        0x0 c:/winavr-20100110/bin/../lib/gcc/avr/4.3.3/avr5\libgcc.a(_copy_data.o)
 .bss           0x0080007a        0x0 c:/winavr-20100110/bin/../lib/gcc/avr/4.3.3/avr5\libgcc.a(_clear_bss.o)
 *(.bss*)
 .bss.Ptr_To_Trans_Int
                0x0080007a        0x2 ./USART_Prog.o
 .bss.Ptr_To_Rec_Int
                0x0080007c        0x2 ./USART_Prog.o
 *(COMMON)
                0x0080007e                PROVIDE (__bss_end, .)
                0x0000093e                __data_load_start = LOADADDR (.data)
                0x00000958                __data_load_end = (__data_load_start + SIZEOF (.data))

.noinit         0x0080007e        0x0
                0x0080007e                PROVIDE (__noinit_start, .)
 *(.noinit*)
                0x0080007e                PROVIDE (__noinit_end, .)
                0x0080007e                _end = .
                0x0080007e                PROVIDE (__heap_start, .)

.eeprom         0x00810000        0x0
 *(.eeprom*)
                0x00810000                __eeprom_end = .

.fuse
 *(.fuse)
 *(.lfuse)
 *(.hfuse)
 *(.efuse)

.lock
 *(.lock*)

.signature
 *(.signature*)

.stab           0x00000000      0xea0
 *(.stab)
 .stab          0x00000000      0x774 ./DIO_prog.o
 .stab          0x00000774      0x51c ./USART_Prog.o
                                0x5ac (size before relaxing)
 .stab          0x00000c90      0x210 ./USART_test_main.o
                                0x2a0 (size before relaxing)

.stabstr        0x00000000      0x7b0
 *(.stabstr)
 .stabstr       0x00000000      0x7b0 ./DIO_prog.o

.stab.excl
 *(.stab.excl)

.stab.exclstr
 *(.stab.exclstr)

.stab.index
 *(.stab.index)

.stab.indexstr
 *(.stab.indexstr)

.comment
 *(.comment)

.debug
 *(.debug)

.line
 *(.line)

.debug_srcinfo
 *(.debug_srcinfo)

.debug_sfnames
 *(.debug_sfnames)

.debug_aranges
 *(.debug_aranges)

.debug_pubnames
 *(.debug_pubnames)

.debug_info
 *(.debug_info)
 *(.gnu.linkonce.wi.*)

.debug_abbrev
 *(.debug_abbrev)

.debug_line
 *(.debug_line)

.debug_frame
 *(.debug_frame)

.debug_str
 *(.debug_str)

.debug_loc
 *(.debug_loc)

.debug_macinfo
 *(.debug_macinfo)
OUTPUT(USART1.elf elf32-avr)
LOAD linker stubs
